// Jest Snapshot v1, https://goo.gl/fbAQLP

exports[`Snapshot test for footer rendering correctly 1`] = `
<footer
  className="mt-auto py-3 container"
>
  <hr
    width="50%"
  />
  Â© Copyright Sky
  <p />
</footer>
`;
