// Jest Snapshot v1, https://goo.gl/fbAQLP

exports[`Snapshot test for header rendering correctly 1`] = `
<header>
  <br />
  <img
    alt="logo"
    className="App-logo"
    src="skycinemas.png"
  />
</header>
`;
